../Core/Src/ds18b20.c:28:6:Ds18b20_Init	16	static
../Core/Src/ds18b20.c:63:6:Ds18b20_Init_one_device	8	static
../Core/Src/ds18b20.c:83:6:Ds18b20_Simple_Convert	8	static
../Core/Src/ds18b20.c:100:6:Ds18b20_ManualConvert	24	static
../Core/Src/ds18b20.c:211:9:DS18B20_Start	16	static
../Core/Src/ds18b20.c:228:6:DS18B20_StartAll	16	static
../Core/Src/ds18b20.c:238:6:DS18B20_Read	56	static
../Core/Src/ds18b20.c:343:9:DS18B20_GetResolution	24	static
../Core/Src/ds18b20.c:370:9:DS18B20_SetResolution	32	static
../Core/Src/ds18b20.c:435:9:DS18B20_Is	16	static
../Core/Src/ds18b20.c:444:9:DS18B20_SetAlarmLowTemperature	32	static
../Core/Src/ds18b20.c:495:9:DS18B20_SetAlarmHighTemperature	32	static
../Core/Src/ds18b20.c:546:9:DS18B20_DisableAlarmTemperature	24	static
../Core/Src/ds18b20.c:592:9:DS18B20_AlarmSearch	16	static
../Core/Src/ds18b20.c:598:9:DS18B20_AllDone	16	static
