../Core/Src/ds18b20.c:28:6:Ds18b20_Init	16	static
../Core/Src/ds18b20.c:63:6:Ds18b20_Init_one_device	8	static
../Core/Src/ds18b20.c:84:6:Ds18b20_Simple_Convert	8	static
../Core/Src/ds18b20.c:101:6:Ds18b20_ManualConvert	24	static
../Core/Src/ds18b20.c:212:9:DS18B20_Start	16	static
../Core/Src/ds18b20.c:229:6:DS18B20_StartAll	16	static
../Core/Src/ds18b20.c:239:6:DS18B20_Read	56	static
../Core/Src/ds18b20.c:344:9:DS18B20_GetResolution	24	static
../Core/Src/ds18b20.c:371:9:DS18B20_SetResolution	32	static
../Core/Src/ds18b20.c:436:9:DS18B20_Is	16	static
../Core/Src/ds18b20.c:445:9:DS18B20_SetAlarmLowTemperature	32	static
../Core/Src/ds18b20.c:496:9:DS18B20_SetAlarmHighTemperature	32	static
../Core/Src/ds18b20.c:547:9:DS18B20_DisableAlarmTemperature	24	static
../Core/Src/ds18b20.c:593:9:DS18B20_AlarmSearch	16	static
../Core/Src/ds18b20.c:599:9:DS18B20_AllDone	16	static
