../Core/Src/onewire.c:23:9:isInterrruptLocked	4	static
../Core/Src/onewire.c:29:6:ONEWIRE_DELAY	16	static
../Core/Src/onewire.c:34:6:ONEWIRE_LOW	16	static
../Core/Src/onewire.c:38:6:ONEWIRE_HIGH	16	static
../Core/Src/onewire.c:42:6:ONEWIRE_INPUT	32	static
../Core/Src/onewire.c:51:6:ONEWIRE_OUTPUT	32	static
../Core/Src/onewire.c:61:6:OneWire_Init	24	static
../Core/Src/onewire.c:76:16:OneWire_Reset	24	static
../Core/Src/onewire.c:99:13:OneWire_WriteBit	16	static
../Core/Src/onewire.c:148:16:OneWire_ReadBit	24	static
../Core/Src/onewire.c:185:6:OneWire_WriteByte	24	static
../Core/Src/onewire.c:195:9:OneWire_ReadByte	24	static
../Core/Src/onewire.c:205:9:OneWire_First	16	static
../Core/Src/onewire.c:213:9:OneWire_Next	16	static
../Core/Src/onewire.c:218:6:OneWire_ResetSearch	16	static
../Core/Src/onewire.c:225:9:OneWire_Search	24	static
../Core/Src/onewire.c:338:5:OneWire_Verify	48	static
../Core/Src/onewire.c:378:6:OneWire_TargetSetup	24	static
../Core/Src/onewire.c:392:6:OneWire_FamilySkipSetup	16	static
../Core/Src/onewire.c:403:9:OneWire_GetROM	16	static
../Core/Src/onewire.c:407:6:OneWire_Select	24	static
../Core/Src/onewire.c:416:6:OneWire_SelectWithPointer	24	static
../Core/Src/onewire.c:425:6:OneWire_GetFullROM	24	static
../Core/Src/onewire.c:432:9:OneWire_CRC8	24	static
