../Core/Src/ssd1306_tests.c:349:6:ssd1306_TestBorder	16	static
../Core/Src/ssd1306_tests.c:375:6:ssd1306_TestFonts1	24	static
../Core/Src/ssd1306_tests.c:408:6:ssd1306_TestFonts2	32	static
../Core/Src/ssd1306_tests.c:433:6:ssd1306_TestFonts3	16	static
../Core/Src/ssd1306_tests.c:453:6:ssd1306_TestFPS	120	static
../Core/Src/ssd1306_tests.c:491:6:ssd1306_TestLine	16	static
../Core/Src/ssd1306_tests.c:499:6:ssd1306_TestRectangle	32	static
../Core/Src/ssd1306_tests.c:509:6:ssd1306_TestRectangleFill	16	static
../Core/Src/ssd1306_tests.c:517:6:ssd1306_TestRectangleInvert	16	static
../Core/Src/ssd1306_tests.c:541:6:ssd1306_TestCircle	16	static
../Core/Src/ssd1306_tests.c:556:6:ssd1306_TestArc	16	static
../Core/Src/ssd1306_tests.c:563:6:ssd1306_TestPolyline	32	static
../Core/Src/ssd1306_tests.c:580:6:ssd1306_TestDrawBitmap	4	static
../Core/Src/ssd1306_tests.c:604:6:ssd1306_TestAll	4	static
../Core/Src/ssd1306_tests.c:643:6:ssd1306_draw_egg_shaking	16	static
../Core/Src/ssd1306_tests.c:689:6:ssd1306_draw_egg_breaking	40	static
../Core/Src/ssd1306_tests.c:736:6:ssd1306_draw_egg_hatching	16	static
../Core/Src/ssd1306_tests.c:756:6:ssd1306_egg_incubator_booting	8	static
../Core/Src/ssd1306_tests.c:765:6:ssd1306_show_egg_incubator_state_first_page	64	static
../Core/Src/ssd1306_tests.c:805:6:ssd1306_show_egg_incubator_state_second_page	48	static
../Core/Src/ssd1306_tests.c:839:6:calculate_time	56	static
../Core/Src/ssd1306_tests.c:884:6:display_ssd1306	24	static
../Core/Src/ssd1306_tests.c:901:6:ssd1306_show_egg_incubator_state_test_1	16	static
../Core/Src/ssd1306_tests.c:926:6:ssd1306_show_egg_incubator_state_test_2	16	static
../Core/Src/ssd1306_tests.c:952:6:ssd1306_Preparig_transition	16	static
../Core/Src/ssd1306_tests.c:962:6:ssd1306_Incubating_transition	16	static
../Core/Src/ssd1306_tests.c:973:6:ssd1306_Completing_transition	16	static
