../Core/Src/ssd1306_tests.c:350:6:ssd1306_TestBorder	16	static
../Core/Src/ssd1306_tests.c:376:6:ssd1306_TestFonts1	24	static
../Core/Src/ssd1306_tests.c:409:6:ssd1306_TestFonts2	32	static
../Core/Src/ssd1306_tests.c:434:6:ssd1306_TestFonts3	16	static
../Core/Src/ssd1306_tests.c:454:6:ssd1306_TestFPS	120	static
../Core/Src/ssd1306_tests.c:492:6:ssd1306_TestLine	16	static
../Core/Src/ssd1306_tests.c:500:6:ssd1306_TestRectangle	32	static
../Core/Src/ssd1306_tests.c:510:6:ssd1306_TestRectangleFill	16	static
../Core/Src/ssd1306_tests.c:518:6:ssd1306_TestRectangleInvert	16	static
../Core/Src/ssd1306_tests.c:542:6:ssd1306_TestCircle	16	static
../Core/Src/ssd1306_tests.c:557:6:ssd1306_TestArc	16	static
../Core/Src/ssd1306_tests.c:564:6:ssd1306_TestPolyline	32	static
../Core/Src/ssd1306_tests.c:581:6:ssd1306_TestDrawBitmap	4	static
../Core/Src/ssd1306_tests.c:605:6:ssd1306_TestAll	4	static
../Core/Src/ssd1306_tests.c:644:6:ssd1306_draw_egg_shaking	16	static
../Core/Src/ssd1306_tests.c:690:6:ssd1306_draw_egg_breaking	40	static
../Core/Src/ssd1306_tests.c:737:6:ssd1306_draw_egg_hatching	16	static
../Core/Src/ssd1306_tests.c:757:6:ssd1306_egg_incubator_booting	8	static
../Core/Src/ssd1306_tests.c:766:6:ssd1306_show_egg_incubator_state_first_page	64	static
../Core/Src/ssd1306_tests.c:806:6:ssd1306_show_egg_incubator_state_second_page	48	static
../Core/Src/ssd1306_tests.c:840:6:calculate_time	56	static
../Core/Src/ssd1306_tests.c:891:6:display_ssd1306	24	static
../Core/Src/ssd1306_tests.c:908:6:ssd1306_show_egg_incubator_state_test_1	16	static
../Core/Src/ssd1306_tests.c:933:6:ssd1306_show_egg_incubator_state_test_2	16	static
../Core/Src/ssd1306_tests.c:959:6:ssd1306_Preparig_transition	16	static
../Core/Src/ssd1306_tests.c:969:6:ssd1306_Incubating_transition	16	static
../Core/Src/ssd1306_tests.c:980:6:ssd1306_Completing_transition	16	static
